 
============================================ 
[Sun 12/07/2026 13:39:21.41] Starting Daily Automation 
============================================ 
v24.13.0
11.6.2
 
============================================ 
[Sat 18/07/2026 18:11:27.07] Starting Daily Automation 
============================================ 
v24.13.0
11.6.2
 
============================================ 
[Thu 23/07/2026 16:19:19.02] Starting Daily Automation 
============================================ 
v24.13.0
11.6.2
 
============================================ 
[Fri 24/07/2026 17:30:21.14] Starting Daily Automation 
============================================ 
v24.13.0
11.6.2
 
============================================ 
[Sun 26/07/2026 18:20:32.13] Starting Daily Automation 
============================================ 
v24.13.0
11.6.2
 
============================================ 
[Mon 17/08/2026 12:17:34.74] Starting Daily Automation 
============================================ 
v24.13.0
11.6.2
 
============================================ 
[Mon 17/08/2026 12:30:30.73] Starting Daily Automation 
============================================ 
v24.13.0
11.6.2
 
============================================ 
[Mon 17/08/2026 12:43:13.28] Starting Daily Automation 
============================================ 
v24.13.0
 
============================================ 
[Mon 17/08/2026 12:46:40.63] Starting Daily Automation 
============================================ 
v24.13.0
11.6.2
 
============================================ 
[Wed 19/08/2026 11:11:20.30] Starting Daily Automation 
============================================ 
v24.13.0
11.6.2
 
============================================ 
[Sat 22/08/2026 10:24:30.77] Starting Daily Automation 
============================================ 
v24.13.0
11.6.2
 
============================================ 
[Sun 23/08/2026 15:29:57.33] Starting Daily Automation 
============================================ 
v24.13.0
11.6.2
 
============================================ 
[Sun 30/08/2026 10:58:58.86] Starting Daily Automation 
============================================ 
v24.13.0
11.6.2
 
============================================ 
[Sun 30/08/2026 11:27:50.70] Starting Daily Automation 
============================================ 
v24.13.0
11.6.2
 
============================================ 
[Sun 30/08/2026 11:55:52.02] Starting Daily Automation 
============================================ 
v24.13.0
11.6.2
 
============================================ 
[Sun 30/08/2026 12:33:04.62] Starting Daily Automation 
============================================ 
v24.13.0
11.6.2
 
============================================ 
[Sun 30/08/2026 13:43:53.09] Starting Daily Automation 
============================================ 
v24.13.0
11.6.2
 
============================================ 
[Sat 05/09/2026 17:01:39.35] Starting Daily Automation 
============================================ 
v24.13.0
11.6.2
